
> frontend@0.0.0 test:coverage
> vitest run --coverage


[1m[46m RUN [49m[22m [36mv4.0.18 [39m[90mE:/disqueria-front-react[39m
      [2mCoverage enabled with [22m[33mv8[39m

 [32mÔ£ô[39m src/tests/components/ui/Toast.test.tsx [2m([22m[2m5 tests[22m[2m)[22m[33m 327[2mms[22m[39m
 [32mÔ£ô[39m src/tests/components/ui/Button.test.tsx [2m([22m[2m6 tests[22m[2m)[22m[33m 537[2mms[22m[39m
 [32mÔ£ô[39m src/tests/components/ui/ConfirmationModal.test.tsx [2m([22m[2m6 tests[22m[2m)[22m[33m 443[2mms[22m[39m
     [33m[2mÔ£ô[22m[39m shows loading state [33m 320[2mms[22m[39m
 [32mÔ£ô[39m src/tests/pages/RegisterPage.test.tsx [2m([22m[2m3 tests[22m[2m)[22m[33m 441[2mms[22m[39m
 [32mÔ£ô[39m src/tests/pages/LoginPage.test.tsx [2m([22m[2m3 tests[22m[2m)[22m[33m 473[2mms[22m[39m
     [33m[2mÔ£ô[22m[39m renders login form [33m 334[2mms[22m[39m
 [31mÔØ»[39m src/tests/pages/CatalogPage.test.tsx [2m([22m[2m3 tests[22m[2m | [22m[31m1 failed[39m[2m)[22m[33m 1140[2mms[22m[39m
[31m     [31m├ù[31m renders catalogs of artists and albums[39m[33m 1064[2mms[22m[39m
     [32mÔ£ô[39m filters artists[32m 37[2mms[22m[39m
     [32mÔ£ô[39m can open create artist modal[32m 36[2mms[22m[39m
 [31mÔØ»[39m src/tests/components/catalog/CreateAlbumModal.test.tsx [2m([22m[2m5 tests[22m[2m | [22m[31m1 failed[39m[2m)[22m[33m 1537[2mms[22m[39m
     [32mÔ£ô[39m does not render when closed[32m 38[2mms[22m[39m
     [32mÔ£ô[39m renders form elements[32m 47[2mms[22m[39m
     [33m[2mÔ£ô[22m[39m allows valid submission [33m 324[2mms[22m[39m
     [32mÔ£ô[39m pre-selects artist if preSelectedArtistId is provided[32m 52[2mms[22m[39m
[31m     [31m├ù[31m validates numeric fields[39m[33m 1073[2mms[22m[39m
 [32mÔ£ô[39m src/tests/components/ui/Input.test.tsx [2m([22m[2m6 tests[22m[2m)[22m[33m 458[2mms[22m[39m
 [32mÔ£ô[39m src/tests/components/ui/LanguageSwitcher.test.tsx [2m([22m[2m2 tests[22m[2m)[22m[33m 371[2mms[22m[39m
     [33m[2mÔ£ô[22m[39m calls changeLanguage on click [33m 318[2mms[22m[39m
node.exe : [90mstderr[2m | src/tests/components/cat
alog/CreateArtistModal.test.tsx[2m > 
[22m[2mCreateArtistModal[2m > [22m[2mhandles 
API error
En C:\Program Files\nodejs\npm.ps1: 29 Carácter: 3
+   & $NODE_EXE $NPM_CLI_JS $args
+   ~~~~~~~~~~~~~~~~~~~~~~~~~~~~~
    + CategoryInfo          : NotSpecified: ([90m   
 stderr[2m...ndles API error:String) [], Remot    
eException
    + FullyQualifiedErrorId : NativeCommandError
 
[22m[39mFailed to create artist Error: Failed
    at E:/disqueria-front-react/src/tests/components/
catalog/CreateArtistModal.test.tsx:59:49
    at [90mfile:///E:/disqueria-front-react/[39mnod
e_modules/[4m@vitest[24m/runner/dist/index.js:145:1
1
    at [90mfile:///E:/disqueria-front-react/[39mnod
e_modules/[4m@vitest[24m/runner/dist/index.js:915:2
6
    at [90mfile:///E:/disqueria-front-react/[39mnod
e_modules/[4m@vitest[24m/runner/dist/index.js:1243:
20
    at new Promise (<anonymous>)
    at runWithTimeout [90m(file:///E:/disqueria-fron
t-react/[39mnode_modules/[4m@vitest[24m/runner/dis
t/index.js:1209:10[90m)[39m
    at [90mfile:///E:/disqueria-front-react/[39mnod
e_modules/[4m@vitest[24m/runner/dist/index.js:1653:
37
    at Traces.$ [90m(file:///E:/disqueria-front-reac
t/[39mnode_modules/[4mvitest[24m/dist/chunks/trace
s.CCmnQaNT.js:142:27[90m)[39m
    at trace [90m(file:///E:/disqueria-front-react/
[39mnode_modules/[4mvitest[24m/dist/chunks/test.B8e
j_ZHS.js:239:21[90m)[39m
    at runTest [90m(file:///E:/disqueria-front-react
/[39mnode_modules/[4m@vitest[24m/runner/dist/index
.js:1653:12[90m)[39m

 [32mÔ£ô[39m src/tests/context/ToastContext.test.tsx [2m([22m[2m3 tests[22m[2m)[22m[32m 131[2mms[22m[39m
 [32mÔ£ô[39m src/tests/components/catalog/CreateArtistModal.test.tsx [2m([22m[2m4 tests[22m[2m)[22m[32m 159[2mms[22m[39m
[90mstderr[2m | 
src/tests/pages/OrdersPage.test.tsx[2m > 
[22m[2mOrdersPage[2m > [22m[2mhandles loading 
state
[22m[39mAn update to OrdersPage inside a test was 
not wrapped in act(...).

When testing, code that causes React state updates 
should be wrapped into act(...):

act(() => {
  /* fire events that update state */
});
/* assert on the output */

This ensures that you're testing the behavior the 
user would see in the browser. Learn more at 
https://react.dev/link/wrap-tests-with-act
An update to OrdersPage inside a test was not 
wrapped in act(...).

When testing, code that causes React state updates 
should be wrapped into act(...):

act(() => {
  /* fire events that update state */
});
/* assert on the output */

This ensures that you're testing the behavior the 
user would see in the browser. Learn more at 
https://react.dev/link/wrap-tests-with-act
An update to OrdersPage inside a test was not 
wrapped in act(...).

When testing, code that causes React state updates 
should be wrapped into act(...):

act(() => {
  /* fire events that update state */
});
/* assert on the output */

This ensures that you're testing the behavior the 
user would see in the browser. Learn more at 
https://react.dev/link/wrap-tests-with-act

 [32mÔ£ô[39m src/tests/pages/OrdersPage.test.tsx [2m([22m[2m3 tests[22m[2m)[22m[32m 159[2mms[22m[39m
 [32mÔ£ô[39m src/tests/context/AuthContext.test.tsx [2m([22m[2m4 tests[22m[2m)[22m[32m 100[2mms[22m[39m
 [32mÔ£ô[39m src/tests/components/ProtectedRoute.test.tsx [2m([22m[2m2 tests[22m[2m)[22m[32m 57[2mms[22m[39m
 [32mÔ£ô[39m src/tests/api/catalog.test.ts [2m([22m[2m4 tests[22m[2m)[22m[32m 7[2mms[22m[39m
 [32mÔ£ô[39m src/tests/api/orders.test.ts [2m([22m[2m2 tests[22m[2m)[22m[32m 6[2mms[22m[39m
 [32mÔ£ô[39m src/tests/api/auth.test.ts [2m([22m[2m2 tests[22m[2m)[22m[32m 7[2mms[22m[39m
 [32mÔ£ô[39m src/tests/api/users.test.ts [2m([22m[2m1 test[22m[2m)[22m[32m 7[2mms[22m[39m

[31mÔÄ»ÔÄ»ÔÄ»ÔÄ»ÔÄ»ÔÄ»ÔÄ»[39m[1m[41m Failed 
Tests 2 [49m[22m[31mÔÄ»ÔÄ»ÔÄ»ÔÄ»ÔÄ»ÔÄ»ÔÄ»[39m

[41m[1m FAIL [22m[49m 
src/tests/pages/CatalogPage.test.tsx[2m > 
[22mCatalogPage[2m > [22mrenders catalogs of 
artists and albums
[31m[1mTestingLibraryElementError[22m[39m: 
Unable to find an element with the text: Album 1. 
This could be because the text is broken up by 
multiple elements. In this case, you can provide a 
function for your text matcher to make your matcher 
more flexible.

Ignored nodes: comments, script, style
[36m<body>[39m
  [36m<div>[39m
    [36m<div[39m
      [33mclass[39m=[32m"space-y-8"[39m
    [36m>[39m
      [36m<div[39m
        [33mclass[39m=[32m"flex flex-col 
sm:flex-row justify-between items-start 
sm:items-center gap-4"[39m
      [36m>[39m
        [36m<div>[39m
          [36m<h1[39m
            [33mclass[39m=[32m"text-3xl font-bold 
text-white mb-2"[39m
          [36m>[39m
            [0mcatalog.title[0m
          [36m</h1>[39m
          [36m<p[39m
            [33mclass[39m=[32m"text-gray-400"[39m
          [36m>[39m
            [0mcatalog.subtitle[0m
          [36m</p>[39m
        [36m</div>[39m
        [36m<div[39m
          [33mclass[39m=[32m"flex gap-3"[39m
        [36m>[39m
          [36m<button[39m
            [33mclass[39m=[32m"inline-flex 
items-center justify-center rounded-lg font-medium 
transition-colors focus:outline-none focus:ring-2 
focus:ring-offset-2 disabled:opacity-50 
disabled:pointer-events-none bg-primary-600 
text-white hover:bg-primary-700 
focus:ring-primary-500 h-8 px-3 text-sm "[39m
          [36m>[39m
            [36m<svg[39m
              [33maria-hidden[39m=[32m"true"[39m
              [33mclass[39m=[32m"lucide 
lucide-plus w-4 h-4 mr-2"[39m
              [33mfill[39m=[32m"none"[39m
              [33mheight[39m=[32m"24"[39m
              
[33mstroke[39m=[32m"currentColor"[39m
              
[33mstroke-linecap[39m=[32m"round"[39m
              
[33mstroke-linejoin[39m=[32m"round"[39m
              [33mstroke-width[39m=[32m"2"[39m
              [33mviewBox[39m=[32m"0 0 24 24"[39m
              [33mwidth[39m=[32m"24"[39m
              [33mxmlns[39m=[32m"http://www.w3.org
/2000/svg"[39m
            [36m>[39m
              [36m<path[39m
                [33md[39m=[32m"M5 12h14"[39m
              [36m/>[39m
              [36m<path[39m
                [33md[39m=[32m"M12 5v14"[39m
              [36m/>[39m
            [36m</svg>[39m
            [0m [0m
            [0mcatalog.addArtist[0m
          [36m</button>[39m
          [36m<button[39m
            [33mclass[39m=[32m"inline-flex 
items-center justify-center rounded-lg font-medium 
transition-colors focus:outline-none focus:ring-2 
focus:ring-offset-2 disabled:opacity-50 
disabled:pointer-events-none bg-primary-600 
text-white hover:bg-primary-700 
focus:ring-primary-500 h-8 px-3 text-sm "[39m
          [36m>[39m
            [36m<svg[39m
              [33maria-hidden[39m=[32m"true"[39m
              [33mclass[39m=[32m"lucide 
lucide-plus w-4 h-4 mr-2"[39m
              [33mfill[39m=[32m"none"[39m
              [33mheight[39m=[32m"24"[39m
              
[33mstroke[39m=[32m"currentColor"[39m
              
[33mstroke-linecap[39m=[32m"round"[39m
              
[33mstroke-linejoin[39m=[32m"round"[39m
              [33mstroke-width[39m=[32m"2"[39m
              [33mviewBox[39m=[32m"0 0 24 24"[39m
              [33mwidth[39m=[32m"24"[39m
              [33mxmlns[39m=[32m"http://www.w3.org
/2000/svg"[39m
            [36m>[39m
              [36m<path[39m
                [33md[39m=[32m"M5 12h14"[39m
              [36m/>[39m
              [36m<path[39m
                [33md[39m=[32m"M12 5v14"[39m
              [36m/>[39m
            [36m</svg>[39m
            [0m [0m
            [0mcatalog.addAlbum[0m
          [36m</button>[39m
        [36m</div>[39m
      [36m</div>[39m
      [36m<div[39m
        [33mclass[39m=[32m"relative"[39m
      [36m>[39m
        [36m<div[39m
          [33mclass[39m=[32m"relative"[39m
        [36m>[39m
          [36m<svg[39m
            [33maria-hidden[39m=[32m"true"[39m
            [33mclass[39m=[32m"lucide 
lucide-search absolute left-3 top-1/2 
-translate-y-1/2 w-5 h-5 text-gray-400"[39m
            [33mfill[39m=[32m"none"[39m
            [33mheight[39m=[32m"24"[39m
            [33mstroke[39m=[32m"currentColor"[39m
            
[33mstroke-linecap[39m=[32m"round"[39m
            
[33mstroke-linejoin[39m=[32m"round"[39m
            [33mstroke-width[39m=[32m"2"[39m
            [33mviewBox[39m=[32m"0 0 24 24"[39m
            [33mwidth[39m=[32m"24"[39m
            [33mxmlns[39m=[32m"http://www.w3.org/2
000/svg"[39m
          [36m>[39m
            [36m<path[39m
              [33md[39m=[32m"m21 
21-4.34-4.34"[39m
            [36m/>[39m
            [36m<circle[39m
              [33mcx[39m=[32m"11"[39m
              [33mcy[39m=[32m"11"[39m
              [33mr[39m=[32m"8"[39m
            [36m/>[39m
          [36m</svg>[39m
          [36m<input[39m
            [33mclass[39m=[32m"w-full pl-10 pr-10 
py-3 bg-slate-900/50 border border-white/10 
rounded-lg text-white placeholder-gray-500 
focus:outline-none focus:border-primary-500/50 
focus:ring-2 focus:ring-primary-500/20 
transition-all"[39m
            [33mplaceholder[39m=[32m"catalog.searc
hPlaceholder"[39m
            [33mtype[39m=[32m"text"[39m
            [33mvalue[39m=[32m""[39m
          [36m/>[39m
        [36m</div>[39m
      [36m</div>[39m
      [36m<div[39m
        [33mclass[39m=[32m"grid grid-cols-1 
md:grid-cols-2 lg:grid-cols-3 gap-6"[39m
      [36m>[39m
        [36m<div[39m
          [33mclass[39m=[32m"bg-slate-900/50 
border border-white/5 rounded-xl overflow-hidden 
hover:border-primary-500/30 transition-all 
hover:bg-slate-900/80 group"[39m
        [36m>[39m
          [36m<div[39m
            [33mclass[39m=[32m"p-4 border-b 
border-white/5 bg-gradient-to-r from-white/5 
to-transparent flex items-center 
justify-between"[39m
          [36m>[39m
            [36m<div[39m
              [33mclass[39m=[32m"flex 
items-center gap-2"[39m
            [36m>[39m
              [36m<h3[39m
                [33mclass[39m=[32m"text-lg 
font-bold text-white flex items-center gap-2"[39m
              [36m>[39m
                [36m<svg[39m
                  
[33maria-hidden[39m=[32m"true"[39m
                  [33mclass[39m=[32m"lucide 
lucide-music w-4 h-4 text-primary-500"[39m
                  [33mfill[39m=[32m"none"[39m
                  [33mheight[39m=[32m"24"[39m
                  
[33mstroke[39m=[32m"currentColor"[39m
                  
[33mstroke-linecap[39m=[32m"round"[39m
                  
[33mstroke-linejoin[39m=[32m"round"[39m
                  
[33mstroke-width[39m=[32m"2"[39m
                  [33mviewBox[39m=[32m"0 0 24 
24"[39m
                  [33mwidth[39m=[32m"24"[39m
                  [33mxmlns[39m=[32m"http://www.w3
.org/2000/svg"[39m
                [36m>[39m
                  [36m<path[39m
                    [33md[39m=[32m"M9 
18V5l12-2v13"[39m
                  [36m/>[39m
                  [36m<circle[39m
                    [33mcx[39m=[32m"6"[39m
                    [33mcy[39m=[32m"18"[39m
                    [33mr[39m=[32m"3"[39m
                  [36m/>[39m
                  [36m<circle[39m
                    [33mcx[39m=[32m"18"[39m
                    [33mcy[39m=[32m"16"[39m
                    [33mr[39m=[32m"3"[39m
                  [36m/>[39m
                [36m</svg>[39m
                [0mArtist 1[0m
              [36m</h3>[39m
              [36m<span[39m
                [33mclass[39m=[32m"text-[10px] 
font-medium text-gray-500 bg-white/5 px-1.5 py-0.5 
rounded-full"[39m
              [36m>[39m
                [0mUS[0m
              [36m</span>[39m
            [36m</div>[39m
            [36m<button[39m
              [33mclass[39m=[32m"inline-flex 
items-center justify-center rounded-lg font-medium 
transition-colors focus:outline-none focus:ring-2 
focus:ring-offset-2 disabled:opacity-50 
disabled:pointer-events-none bg-transparent 
text-gray-300 hover:text-white hover:bg-white/10 h-8 
px-3 text-sm h-7 px-2 text-xs"[39m
            [36m>[39m
              [36m<svg[39m
                
[33maria-hidden[39m=[32m"true"[39m
                [33mclass[39m=[32m"lucide 
lucide-plus w-3 h-3 mr-1"[39m
                [33mfill[39m=[32m"none"[39m
                [33mheight[39m=[32m"24"[39m
                
[33mstroke[39m=[32m"currentColor"[39m
                
[33mstroke-linecap[39m=[32m"round"[39m
                
[33mstroke-linejoin[39m=[32m"round"[39m
                [33mstroke-width[39m=[32m"2"[39m
                [33mviewBox[39m=[32m"0 0 24 
24"[39m
                [33mwidth[39m=[32m"24"[39m
                [33mxmlns[39m=[32m"http://www.w3.o
rg/2000/svg"[39m
              [36m>[39m
                [36m<path[39m
                  [33md[39m=[32m"M5 12h14"[39m
                [36m/>[39m
                [36m<path[39m
                  [33md[39m=[32m"M12 5v14"[39m
                [36m/>[39m
              [36m</svg>[39m
              [0m [0m
              [0mcatalog.addAlbum[0m
            [36m</button>[39m
          [36m</div>[39m
          [36m<div[39m
            [33mclass[39m=[32m"p-6 space-y-4"[39m
          [36m>[39m
            [36m<p[39m
              [33mclass[39m=[32m"text-sm 
text-gray-500 italic"[39m
            [36m>[39m
              [0mcatalog.noAlbums[0m
            [36m</p>[39m
          [36m</div>[39m
        [36m</div>[39m
        [36m<div[39m
          [33mclass[39m=[32m"bg-slate-900/50 
border border-white/5 rounded-xl overflow-hidden 
hover:border-primary-500/30 transition-all 
hover:bg-slate-900/80 group"[39m
        [36m>[39m
          [36m<div[39m
            [33mclass[39m=[32m"p-4 border-b 
border-white/5 bg-gradient-to-r from-white/5 
to-transparent flex items-center 
justify-between"[39m
          [36m>[39m
            [36m<div[39m
              [33mclass[39m=[32m"flex 
items-center gap-2"[39m
            [36m>[39m
              [36m<h3[39m
                [33mclass[39m=[32m"text-lg 
font-bold text-white flex items-center gap-2"[39m
              [36m>[39m
                [36m<svg[39m
                  
[33maria-hidden[39m=[32m"true"[39m
                  [33mclass[39m=[32m"lucide 
lucide-music w-4 h-4 text-primary-500"[39m
                  [33mfill[39m=[32m"none"[39m
                  [33mheight[39m=[32m"24"[39m
                  
[33mstroke[39m=[32m"currentColor"[39m
                  
[33mstroke-linecap[39m=[32m"round"[39m
                  
[33mstroke-linejoin[39m=[32m"round"[39m
                  
[33mstroke-width[39m=[32m"2"[39m
                  [33mviewBox[39m=[32m"0 0 24 
24"[39m
                  [33mwidth[39m=[32m"24"[39m
                  [33mxmlns[39m=[32m"http://www.w3
.org/2000/svg"[39m
                [36m>[39m
                  [36m<path[39m
                    [33md[39m=[32m"M9 
18V5l12-2v13"[39m
                  [36m/>[39m
                  [36m<circle[39m
                    [33mcx[39m=[32m"6"[39m
                    [33mcy[39m=[32m"18"[39m
                    [33mr[39m=[32m"3"[39m
                  [36m/>[39m
                  [36m<circle[39m
                    [33mcx[39m=[32m"18"[39m
                    [33mcy[39m=[32m"16"[39m
                    [33mr[39m=[32m"3"[39m
                  [36m/>[39m
                [36m</svg>[39m
                [0mArtist 2[0m
              [36m</h3>[39m
              [36m<span[39m
                [33mclass[39m=[32m"text-[10px] 
font-medium text-gray-500 bg-white/5 px-1.5 py-0.5 
rounded-full"[39m
              [36m>[39m
                [0mUK[0m
              [36m</span>[39m
            [36m</div>[39m
            [36m<button[39m
              [33mclass[39m=[32m"inline-flex 
items-center justify-center rounded-lg font-medium 
transition-colors focus:outline-none focus:ring-2 
focus:ring-offset-2 disabled:opacity-50 
disabled:pointer-events-none bg-transparent 
text-gray-300 hover:text-white hover:bg-white/10 h-8 
px-3 text-sm h-7 px-2 text-xs"[39m
            [36m>[39m
              [36m<svg[39m
                
[33maria-hidden[39m=[32m"true"[39m
                [33mclass[39m=[32m"lucide 
lucide-plus w-3 h-3 mr-1"[39m
                [33mfill[39m=[32m"none"[39m
                [33mheight[39m=[32m"24"[39m
                
[33mstroke[39m=[32m"currentColor"[39m
                
[33mstroke-linecap[39m=[32m"round"[39m
                
[33mstroke-linejoin[39m=[32m"round"[39m
                [33mstroke-width[39m=[32m"2"[39m
                [33mviewBox[39m=[32m"0 0 24 
24"[39m
                [33mwidth[39m=[32m"24"[39m
                [33mxmlns[39m=[32m"http://www.w3.o
rg/2000/svg"[39m
              [36m>[39m
                [36m<path[39m
                  [33md[39m=[32m"M5 12h14"[39m
                [36m/>[39m
                [36m<path[39m
                  [33md[39m=[32m"M12 5v14"[39m
                [36m/>[39m
              [36m</svg>[39m
              [0m [0m
              [0mcatalog.addAlbum[0m
            [36m</button>[39m
          [36m</div>[39m
          [36m<div[39m
            [33mclass[39m=[32m"p-6 space-y-4"[39m
          [36m>[39m
            [36m<p[39m
              [33mclass[39m=[32m"text-sm 
text-gray-500 italic"[39m
            [36m>[39m
              [0mcatalog.noAlbums[0m
            [36m</p>[39m
          [36m</div>[39m
        [36m</div>[39m
      [36m</div>[39m
    [36m</div>[39m
  [36m</div>[39m
[36m</body>[39m

Ignored nodes: comments, script, style
[36m<html>[39m
  [36m<head />[39m
  [36m<body>[39m
    [36m<div>[39m
      [36m<div[39m
        [33mclass[39m=[32m"space-y-8"[39m
      [36m>[39m
        [36m<div[39m
          [33mclass[39m=[32m"flex flex-col 
sm:flex-row justify-between items-start 
sm:items-center gap-4"[39m
        [36m>[39m
          [36m<div>[39m
            [36m<h1[39m
              [33mclass[39m=[32m"text-3xl 
font-bold text-white mb-2"[39m
            [36m>[39m
              [0mcatalog.title[0m
            [36m</h1>[39m
            [36m<p[39m
              
[33mclass[39m=[32m"text-gray-400"[39m
            [36m>[39m
              [0mcatalog.subtitle[0m
            [36m</p>[39m
          [36m</div>[39m
          [36m<div[39m
            [33mclass[39m=[32m"flex gap-3"[39m
          [36m>[39m
            [36m<button[39m
              [33mclass[39m=[32m"inline-flex 
items-center justify-center rounded-lg font-medium 
transition-colors focus:outline-none focus:ring-2 
focus:ring-offset-2 disabled:opacity-50 
disabled:pointer-events-none bg-primary-600 
text-white hover:bg-primary-700 
focus:ring-primary-500 h-8 px-3 text-sm "[39m
            [36m>[39m
              [36m<svg[39m
                
[33maria-hidden[39m=[32m"true"[39m
                [33mclass[39m=[32m"lucide 
lucide-plus w-4 h-4 mr-2"[39m
                [33mfill[39m=[32m"none"[39m
                [33mheight[39m=[32m"24"[39m
                
[33mstroke[39m=[32m"currentColor"[39m
                
[33mstroke-linecap[39m=[32m"round"[39m
                
[33mstroke-linejoin[39m=[32m"round"[39m
                [33mstroke-width[39m=[32m"2"[39m
                [33mviewBox[39m=[32m"0 0 24 
24"[39m
                [33mwidth[39m=[32m"24"[39m
                [33mxmlns[39m=[32m"http://www.w3.o
rg/2000/svg"[39m
              [36m>[39m
                [36m<path[39m
                  [33md[39m=[32m"M5 12h14"[39m
                [36m/>[39m
                [36m<path[39m
                  [33md[39m=[32m"M12 5v14"[39m
                [36m/>[39m
              [36m</svg>[39m
              [0m [0m
              [0mcatalog.addArtist[0m
            [36m</button>[39m
            [36m<button[39m
              [33mclass[39m=[32m"inline-flex 
items-center justify-center rounded-lg font-medium 
transition-colors focus:outline-none focus:ring-2 
focus:ring-offset-2 disabled:opacity-50 
disabled:pointer-events-none bg-primary-600 
text-white hover:bg-primary-700 
focus:ring-primary-500 h-8 px-3 text-sm "[39m
            [36m>[39m
              [36m<svg[39m
                
[33maria-hidden[39m=[32m"true"[39m
                [33mclass[39m=[32m"lucide 
lucide-plus w-4 h-4 mr-2"[39m
                [33mfill[39m=[32m"none"[39m
                [33mheight[39m=[32m"24"[39m
                
[33mstroke[39m=[32m"currentColor"[39m
                
[33mstroke-linecap[39m=[32m"round"[39m
                
[33mstroke-linejoin[39m=[32m"round"[39m
                [33mstroke-width[39m=[32m"2"[39m
                [33mviewBox[39m=[32m"0 0 24 
24"[39m
                [33mwidth[39m=[32m"24"[39m
                [33mxmlns[39m=[32m"http://www.w3.o
rg/2000/svg"[39m
              [36m>[39m
                [36m<path[39m
                  [33md[39m=[32m"M5 12h14"[39m
                [36m/>[39m
                [36m<path[39m
                  [33md[39m=[32m"M12 5v14"[39m
                [36m/>[39m
              [36m</svg>[39m
              [0m [0m
              [0mcatalog.addAlbum[0m
            [36m</button>[39m
          [36m</div>[39m
        [36m</div>[39m
        [36m<div[39m
          [33mclass[39m=[32m"relative"[39m
        [36m>[39m
          [36m<div[39m
            [33mclass[39m=[32m"relative"[39m
          [36m>[39m
            [36m<svg[39m
              [33maria-hidden[39m=[32m"true"[39m
              [33mclass[39m=[32m"lucide 
lucide-search absolute left-3 top-1/2 
-translate-y-1/2 w-5 h-5 text-gray-400"[39m
              [33mfill[39m=[32m"none"[39m
              [33mheight[39m=[32m"24"[39m
              
[33mstroke[39m=[32m"currentColor"[39m
              
[33mstroke-linecap[39m=[32m"round"[39m
              
[33mstroke-linejoin[39m=[32m"round"[39m
              [33mstroke-width[39m=[32m"2"[39m
              [33mviewBox[39m=[32m"0 0 24 24"[39m
              [33mwidth[39m=[32m"24"[39m
              [33mxmlns[39m=[32m"http://www.w3.org
/2000/svg"[39m
            [36m>[39m
              [36m<path[39m
                [33md[39m=[32m"m21 
21-4.34-4.34"[39m
              [36m/>[39m
              [36m<circle[39m
                [33mcx[39m=[32m"11"[39m
                [33mcy[39m=[32m"11"[39m
                [33mr[39m=[32m"8"[39m
              [36m/>[39m
            [36m</svg>[39m
            [36m<input[39m
              [33mclass[39m=[32m"w-full pl-10 
pr-10 py-3 bg-slate-900/50 border border-white/10 
rounded-lg text-white placeholder-gray-500 
focus:outline-none focus:border-primary-500/50 
focus:ring-2 focus:ring-primary-500/20 
transition-all"[39m
              [33mplaceholder[39m=[32m"catalog.sea
rchPlaceholder"[39m
              [33mtype[39m=[32m"text"[39m
              [33mvalue[39m=[32m""[39m
            [36m/>[39m
          [36m</div>[39m
        [36m</div>[39m
        [36m<div[39m
          [33mclass[39m=[32m"grid grid-cols-1 
md:grid-cols-2 lg:grid-cols-3 gap-6"[39m
        [36m>[39m
          [36m<div[39m
            [33mclass[39m=[32m"bg-slate-900/50 
border border-white/5 rounded-xl overflow-hidden 
hover:border-primary-500/30 transition-all 
hover:bg-slate-900/80 group"[39m
          [36m>[39m
            [36m<div[39m
              [33mclass[39m=[32m"p-4 border-b 
border-white/5 bg-gradient-to-r from-white/5 
to-transparent flex items-center 
justify-between"[39m
            [36m>[39m
              [36m<div[39m
                [33mclass[39m=[32m"flex 
items-center gap-2"[39m
              [36m>[39m
                [36m<h3[39m
                  [33mclass[39m=[32m"text-lg 
font-bold text-white flex items-center gap-2"[39m
                [36m>[39m
                  [36m<svg[39m
                    
[33maria-hidden[39m=[32m"true"[39m
                    [33mclass[39m=[32m"lucide 
lucide-music w-4 h-4 text-primary-500"[39m
                    [33mfill[39m=[32m"none"[39m
                    [33mheight[39m=[32m"24"[39m
                    
[33mstroke[39m=[32m"currentColor"[39m
                    
[33mstroke-linecap[39m=[32m"round"[39m
                    
[33mstroke-linejoin[39m=[32m"round"[39m
                    
[33mstroke-width[39m=[32m"2"[39m
                    [33mviewBox[39m=[32m"0 0 24 
24"[39m
                    [33mwidth[39m=[32m"24"[39m
                    [33mxmlns[39m=[32m"http://www.
w3.org/2000/svg"[39m
                  [36m>[39m
                    [36m<path[39m
                      [33md[39m=[32m"M9 
18V5l12-2v13"[39m
                    [36m/>[39m
                    [36m<circle[39m
                      [33mcx[39m=[32m"6"[39m
                      [33mcy[39m=[32m"18"[39m
                      [33mr[39m=[32m"3"[39m
                    [36m/>[39m
                    [36m<circle[39m
                      [33mcx[39m=[32m"18"[39m
                      [33mcy[39m=[32m"16"[39m
                      [33mr[39m=[32m"3"[39m
                    [36m/>[39m
                  [36m</svg>[39m
                  [0mArtist 1[0m
                [36m</h3>[39m
                [36m<span[39m
                  [33mclass[39m=[32m"text-[10px] 
font-medium text-gray-500 bg-white/5 px-1.5 py-0.5 
rounded-full"[39m
                [36m>[39m
                  [0mUS[0m
                [36m</span>[39m
              [36m</div>[39m
              [36m<button[39m
                [33mclass[39m=[32m"inline-flex 
items-center justify-center rounded-lg font-medium 
transition-colors focus:outline-none focus:ring-2 
focus:ring-offset-2 disabled:opacity-50 
disabled:pointer-events-none bg-transparent 
text-gray-300 hover:text-white hover:bg-white/10 h-8 
px-3 text-sm h-7 px-2 text-xs"[39m
              [36m>[39m
                [36m<svg[39m
                  
[33maria-hidden[39m=[32m"true"[39m
                  [33mclass[39m=[32m"lucide 
lucide-plus w-3 h-3 mr-1"[39m
                  [33mfill[39m=[32m"none"[39m
                  [33mheight[39m=[32m"24"[39m
                  
[33mstroke[39m=[32m"currentColor"[39m
                  
[33mstroke-linecap[39m=[32m"round"[39m
                  
[33mstroke-linejoin[39m=[32m"round"[39m
                  
[33mstroke-width[39m=[32m"2"[39m
                  [33mviewBox[39m=[32m"0 0 24 
24"[39m
                  [33mwidth[39m=[32m"24"[39m
                  [33mxmlns[39m=[32m"http://www.w3
.org/2000/svg"[39m
                [36m>[39m
                  [36m<path[39m
                    [33md[39m=[32m"M5 12h14"[39m
                  [36m/>[39m
                  [36m<path[39m
                    [33md[39m=[32m"M12 5v14"[39m
                  [36m/>[39m
                [36m</svg>[39m
                [0m [0m
                [0mcatalog.addAlbum[0m
              [36m</button>[39m
            [36m</div>[39m
            [36m<div[39m
              [33mclass[39m=[32m"p-6 
space-y-4"[39m
            [36m>[39m
              [36m<p[39m
                [33mclass[39m=[32m"text-sm 
text-gray-500 italic"[39m
              [36m>[39m
                [0mcatalog.noAlbums[0m
              [36m</p>[39m
            [36m</div>[39m
          [36m</div>[39m
          [36m<div[39m
            [33mclass[39m=[32m"bg-slate-900/50 
border border-white/5 rounded-xl overflow-hidden 
hover:border-primary-500/30 transition-all 
hover:bg-slate-900/80 group"[39m
          [36m>[39m
            [36m<div[39m
              [33mclass[39m=[32m"p-4 border-b 
border-white/5 bg-gradient-to-r from-white/5 
to-transparent flex items-center 
justify-between"[39m
            [36m>[39m
              [36m<div[39m
                [33mclass[39m=[32m"flex 
items-center gap-2"[39m
              [36m>[39m
                [36m<h3[39m
                  [33mclass[39m=[32m"text-lg 
font-bold text-white flex items-center gap-2"[39m
                [36m>[39m
                  [36m<svg[39m
                    
[33maria-hidden[39m=[32m"true"[39m
                    [33mclass[39m=[32m"lucide 
lucide-music w-4 h-4 text-primary-500"[39m
                    [33mfill[39m=[32m"none"[39m
                    [33mheight[39m=[32m"24"[39m
                    
[33mstroke[39m=[32m"currentColor"[39m
                    
[33mstroke-linecap[39m=[32m"round"[39m
                    
[33mstroke-linejoin[39m=[32m"round"[39m
                    
[33mstroke-width[39m=[32m"2"[39m
                    [33mviewBox[39m=[32m"0 0 24 
24"[39m
                    [33mwidth[39m=[32m"24"[39m
                    [33mxmlns[39m=[32m"http://www.
w3.org/2000/svg"[39m
                  [36m>[39m
                    [36m<path[39m
                      [33md[39m=[32m"M9 
18V5l12-2v13"[39m
                    [36m/>[39m
                    [36m<circle[39m
                      [33mcx[39m=[32m"6"[39m
                      [33mcy[39m=[32m"18"[39m
                      [33mr[39m=[32m"3"[39m
                    [36m/>[39m
                    [36m<circle[39m
                      [33mcx[39m=[32m"18"[39m
                      [33mcy[39m=[32m"16"[39m
                      [33mr[39m=[32m"3"[39m
                    [36m/>[39m
                  [36m</svg>[39m
                  [0mArtist 2[0m
                [36m</h3>[39m
                [36m<span[39m
                  [33mclass[39m=[32m"text-[10px] 
font-medium text-gray-500 bg-white/5 px-1.5 py-0.5 
rounded-full"[39m
                [36m>[39m
                  [0mUK[0m
                [36m</span>[39m
              [36m</div>[39m
              [36m<button[39m
                [33mclass[39m=[32m"inline-flex 
items-center justify-center rounded-lg font-medium 
transition-colors focus:outline-none focus:ring-2 
focus:ring-offset-2 disabled:opacity-50 
disabled:pointer-events-none bg-transparent 
text-gray-300 hover:text-white hover:bg-white/10 h-8 
px-3 text-sm h-7 px-2 text-xs"[39m
              [36m>[39m
                [36m<svg[39m
                  
[33maria-hidden[39m=[32m"true"[39m
                  [33mclass[39m=[32m"lucide 
lucide-plus w-3 h-3 mr-1"[39m
                  [33mfill[39m=[32m"none"[39m
                  [33mheight[39m=[32m"24"[39m
                  
[33mstroke[39m=[32m"currentColor"[39m
                  
[33mstroke-linecap[39m=[32m"round"[39m
                  
[33mstroke-linejoin[39m=[32m"round"[39m
                  
[33mstroke-width[39m=[32m"2"[39m
                  [33mviewBox[39m=[32m"0 0 24 
24"[39m
                  [33mwidth[39m=[32m"24"[39m
                  [33mxmlns[39m=[32m"http://www.w3
.org/2000/svg"[39m
                [36m>[39m
                  [36m<path[39m
                    [33md[39m=[32m"M5 12h14"[39m
                  [36m/>[39m
                  [36m<path[39m
                    [33md[39m=[32m"M12 5v14"[39m
                  [36m/>[39m
                [36m</svg>[39m
                [0m [0m
                [0mcatalog.addAlbum[0m
              [36m</button>[39m
            [36m</div>[39m
            [36m<div[39m
              [33mclass[39m=[32m"p-6 
space-y-4"[39m
            [36m>[39m
              [36m<p[39m
                [33mclass[39m=[32m"text-sm 
text-gray-500 italic"[39m
              [36m>[39m
                [0mcatalog.noAlbums[0m
              [36m</p>[39m
            [36m</div>[39m
          [36m</div>[39m
        [36m</div>[39m
      [36m</div>[39m
    [36m</div>[39m
  [36m</body>[39m
[36m</html>[39m
[90m [2mÔØ»[22m Proxy.waitForWrapper node_modules/
@testing-library/dom/dist/wait-for.js:[2m163:27[22m
[39m
[36m [2mÔØ»[22m src/tests/pages/CatalogPage.test.t
sx:[2m41:15[22m[39m
    [90m 39| [39m        )[33m;[39m
    [90m 40| [39m
    [90m 41| [39m        [35mawait[39m 
[34mwaitFor[39m(() [33m=>[39m {
    [90m   | [39m              [31m^[39m
    [90m 42| [39m            [34mexpect[39m(scree
n[33m.[39m[34mgetByText[39m([32m'Artist 1'[39m)
)[33m.[39m[34mtoBeInTheDocument[39m()[33m;[39m
    [90m 43| [39m            [34mexpect[39m(scree
n[33m.[39m[34mgetByText[39m([32m'Album 1'[39m))
[33m.[39m[34mtoBeInTheDocument[39m()[33m;[39m

[31m[2mÔÄ»ÔÄ»ÔÄ»ÔÄ»ÔÄ»ÔÄ»ÔÄ»ÔÄ»ÔÄ»ÔÄ»ÔÄ»ÔÄ»ÔÄ»ÔÄ»ÔÄ
»ÔÄ»ÔÄ»ÔÄ»ÔÄ»ÔÄ»ÔÄ»ÔÄ»ÔÄ»ÔÄ»[1/2]ÔÄ»[22m[39m

[41m[1m FAIL [22m[49m src/tests/components/catalo
g/CreateAlbumModal.test.tsx[2m > 
[22mCreateAlbumModal[2m > [22mvalidates numeric 
fields
[31m[1mAssertionError[22m[39m: expected 
"vi.fn()" to be called with arguments: [ 
'modals.positiveValues', 'error' ][90m

Number of calls: [1m0[22m
[39m

Ignored nodes: comments, script, style
[36m<html>[39m
  [36m<head />[39m
  [36m<body>[39m
    [36m<div>[39m
      [36m<div[39m
        [33mclass[39m=[32m"fixed inset-0 z-50 
flex items-center justify-center bg-black/50 
backdrop-blur-sm"[39m
      [36m>[39m
        [36m<div[39m
          [33mclass[39m=[32m"w-full max-w-md 
bg-slate-900 border border-white/10 rounded-xl p-6 
shadow-2xl relative"[39m
        [36m>[39m
          [36m<button[39m
            [33mclass[39m=[32m"absolute top-4 
right-4 text-gray-400 hover:text-white"[39m
          [36m>[39m
            [36m<svg[39m
              [33maria-hidden[39m=[32m"true"[39m
              [33mclass[39m=[32m"lucide lucide-x 
w-5 h-5"[39m
              [33mfill[39m=[32m"none"[39m
              [33mheight[39m=[32m"24"[39m
              
[33mstroke[39m=[32m"currentColor"[39m
              
[33mstroke-linecap[39m=[32m"round"[39m
              
[33mstroke-linejoin[39m=[32m"round"[39m
              [33mstroke-width[39m=[32m"2"[39m
              [33mviewBox[39m=[32m"0 0 24 24"[39m
              [33mwidth[39m=[32m"24"[39m
              [33mxmlns[39m=[32m"http://www.w3.org
/2000/svg"[39m
            [36m>[39m
              [36m<path[39m
                [33md[39m=[32m"M18 6 6 18"[39m
              [36m/>[39m
              [36m<path[39m
                [33md[39m=[32m"m6 6 12 12"[39m
              [36m/>[39m
            [36m</svg>[39m
          [36m</button>[39m
          [36m<h2[39m
            [33mclass[39m=[32m"text-xl font-bold 
mb-4 text-white"[39m
          [36m>[39m
            [0mmodals.addAlbumTitle[0m
          [36m</h2>[39m
          [36m<form[39m
            [33mclass[39m=[32m"space-y-4"[39m
          [36m>[39m
            [36m<div>[39m
              [36m<label[39m
                [33mclass[39m=[32m"block text-sm 
font-medium text-gray-300 mb-1"[39m
              [36m>[39m
                [0mmodals.artist[0m
              [36m</label>[39m
              [36m<select[39m
                [33mclass[39m=[32m"w-full h-10 
rounded-md border border-gray-700 bg-gray-800 px-3 
text-sm text-white focus:outline-none focus:ring-2 
focus:ring-primary-500 disabled:opacity-50 
disabled:cursor-not-allowed"[39m
                [33mrequired[39m=[32m""[39m
              [36m>[39m
                [36m<option[39m
                  [33mvalue[39m=[32m""[39m
                [36m>[39m
                  [0mmodals.selectArtist[0m
                [36m</option>[39m
                [36m<option[39m
                  [33mvalue[39m=[32m"1"[39m
                [36m>[39m
                  [0mArtist 1[0m
                [36m</option>[39m
                [36m<option[39m
                  [33mvalue[39m=[32m"2"[39m
                [36m>[39m
                  [0mArtist 2[0m
                [36m</option>[39m
              [36m</select>[39m
            [36m</div>[39m
            [36m<div[39m
              [33mclass[39m=[32m"flex flex-col 
gap-1.5 w-full"[39m
            [36m>[39m
              [36m<label[39m
                [33mclass[39m=[32m"text-sm 
font-medium text-gray-300"[39m
                [33mfor[39m=[32m"_r_c_"[39m
              [36m>[39m
                [0mmodals.albumTitle[0m
              [36m</label>[39m
              [36m<input[39m
                [33mclass[39m=[32m"flex h-10 
w-full rounded-md border border-gray-700 bg-gray-800 
px-3 py-2 text-sm text-white 
placeholder:text-gray-400 focus:outline-none 
focus:ring-2 focus:ring-primary-500 
focus:border-transparent disabled:cursor-not-allowed 
disabled:opacity-50  "[39m
                [33mid[39m=[32m"_r_c_"[39m
                [33mplaceholder[39m=[32m"e.g. 
Abbey Road"[39m
                [33mrequired[39m=[32m""[39m
                [33mvalue[39m=[32m"New Album"[39m
              [36m/>[39m
            [36m</div>[39m
            [36m<div[39m
              [33mclass[39m=[32m"grid grid-cols-2 
gap-4"[39m
            [36m>[39m
              [36m<div[39m
                [33mclass[39m=[32m"flex flex-col 
gap-1.5 w-full"[39m
              [36m>[39m
                [36m<label[39m
                  [33mclass[39m=[32m"text-sm 
font-medium text-gray-300"[39m
                  [33mfor[39m=[32m"_r_d_"[39m
                [36m>[39m
                  [0mcommon.year[0m
                [36m</label>[39m
                [36m<input[39m
                  [33mclass[39m=[32m"flex h-10 
w-full rounded-md border border-gray-700 bg-gray-800 
px-3 py-2 text-sm text-white 
placeholder:text-gray-400 focus:outline-none 
focus:ring-2 focus:ring-primary-500 
focus:border-transparent disabled:cursor-not-allowed 
disabled:opacity-50  "[39m
                  [33mid[39m=[32m"_r_d_"[39m
                  [33mmin[39m=[32m"1900"[39m
                  
[33mplaceholder[39m=[32m"1969"[39m
                  [33mrequired[39m=[32m""[39m
                  [33mtype[39m=[32m"number"[39m
                  [33mvalue[39m=[32m"-2022"[39m
                [36m/>[39m
              [36m</div>[39m

[2m Test Files [22m [1m[31m2 failed[39m[22m[2m | [22m[1m[32m16 passed[39m[22m[90m (18)[39m
[2m      Tests [22m [1m[31m2 failed[39m[22m[2m | [22m[1m[32m62 passed[39m[22m[90m (64)[39m
[2m   Start at [22m 21:21:54
[2m   Duration [22m 7.55s[2m (transform 1.47s, setup 4.00s, import 7.33s, tests 6.36s, environment 23.19s)[22m

              [36m<div[39m
                [33mclass[39m=[32m"flex flex-col 
gap-1.5 w-full"[39m
              [36m>[39m
                [36m<label[39m
                  [33mclass[39m=[32m"text-sm 
font-medium text-gray-300"[39m
                  [33mfor[39m=[32m"_r_e_"[39m
                [36m>[39m
                  [0mcommon.price[0m
                [36m</label>[39m
                [36m<input[39m
                  [33mclass[39m=[32m"flex h-10 
w-full rounded-md border border-gray-700 bg-gray-800 
px-3 py-2 text-sm text-white 
placeholder:text-gray-400 focus:outline-none 
focus:ring-2 focus:ring-primary-500 
focus:border-transparent disabled:cursor-not-allowed 
disabled:opacity-50  "[39m
                  [33mid[39m=[32m"_r_e_"[39m
                  [33mmin[39m=[32m"0.00"[39m
                  
[33mplaceholder[39m=[32m"0.00"[39m
                  [33mrequired[39m=[32m""[39m
                  [33mstep[39m=[32m"0.01"[39m
                  [33mtype[39m=[32m"number"[39m
                  [33mvalue[39m=[32m"10"[39m
                [36m/>[39m
              [36m</div>[39m
            [36m</div>[39m
            [36m<div[39m
              [33mclass[39m=[32m"flex flex-col 
gap-1.5 w-full"[39m
            [36m>[39m
              [36m<label[39m
                [33mclass[39m=[32m"text-sm 
font-medium text-gray-300"[39m
                [33mfor[39m=[32m"_r_f_"[39m
              [36m>[39m
                [0mcommon.genre[0m
              [36m</label>[39m
              [36m<input[39m
                [33mclass[39m=[32m"flex h-10 
w-full rounded-md border border-gray-700 bg-gray-800 
px-3 py-2 text-sm text-white 
placeholder:text-gray-400 focus:outline-none 
focus:ring-2 focus:ring-primary-500 
focus:border-transparent disabled:cursor-not-allowed 
disabled:opacity-50  "[39m
                [33mid[39m=[32m"_r_f_"[39m
                [33mplaceholder[39m=[32m"e.g. 
Rock"[39m
                [33mrequired[39m=[32m""[39m
                [33mvalue[39m=[32m"Rock"[39m
              [36m/>[39m
            [36m</div>[39m
            [36m<div[39m
              [33mclass[39m=[32m"flex justify-end 
gap-3 mt-6"[39m
            [36m>[39m
              [36m<button[39m
                [33mclass[39m=[32m"inline-flex 
items-center justify-center rounded-lg font-medium 
transition-colors focus:outline-none focus:ring-2 
focus:ring-offset-2 disabled:opacity-50 
disabled:pointer-events-none bg-transparent 
text-gray-300 hover:text-white hover:bg-white/10 
h-10 px-4 py-2 "[39m
                [33mtype[39m=[32m"button"[39m
              [36m>[39m
                [0mcommon.cancel[0m
              [36m</button>[39m
              [36m<button[39m
                [33mclass[39m=[32m"inline-flex 
items-center justify-center rounded-lg font-medium 
transition-colors focus:outline-none focus:ring-2 
focus:ring-offset-2 disabled:opacity-50 
disabled:pointer-events-none bg-primary-600 
text-white hover:bg-primary-700 
focus:ring-primary-500 h-10 px-4 py-2 "[39m
                [33mtype[39m=[32m"submit"[39m
              [36m>[39m
                [0mcommon.create[0m
              [36m</button>[39m
            [36m</div>[39m
          [36m</form>[39m
        [36m</div>[39m
      [36m</div>[39m
    [36m</div>[39m
  [36m</body>[39m
[36m</html>[39m
[36m [2mÔØ»[22m src/tests/components/catalog/Creat
eAlbumModal.test.tsx:[2m94:35[22m[39m
    [90m 92| [39m        [35mawait[39m 
[34mwaitFor[39m(() [33m=>[39m {
    [90m 93| [39m            [34mexpect[39m(creat
eAlbum)[33m.[39mnot[33m.[39m[34mtoHaveBeenCalled
[39m()[33m;[39m
    [90m 94| [39m            expect(showToastMock).
toHaveBeenCalledWith('modals.positivÔÇª
    [90m   | [39m                                  
[31m^[39m
    [90m 95| [39m        })[33m;[39m
    [90m 96| [39m    })[33m;[39m
[90m [2mÔØ»[22m 
runWithExpensiveErrorDiagnosticsDisabled node_modules
/@testing-library/dom/dist/config.js:[2m47:12[22m[
39m
[90m [2mÔØ»[22m checkCallback node_modules/@testin
g-library/dom/dist/wait-for.js:[2m124:77[22m[39m
[90m [2mÔØ»[22m Timeout.checkRealTimersCallback no
de_modules/@testing-library/dom/dist/wait-for.js:[2m
118:16[22m[39m

[31m[2mÔÄ»ÔÄ»ÔÄ»ÔÄ»ÔÄ»ÔÄ»ÔÄ»ÔÄ»ÔÄ»ÔÄ»ÔÄ»ÔÄ»ÔÄ»ÔÄ»ÔÄ
»ÔÄ»ÔÄ»ÔÄ»ÔÄ»ÔÄ»ÔÄ»ÔÄ»ÔÄ»ÔÄ»[2/2]ÔÄ»[22m[39m

